// Jest Snapshot v1, https://goo.gl/fbAQLP

exports[`render sign up test 1`] = `
<button>
  "Sign UP"
</button>
`;
